// Jest Snapshot v1, https://goo.gl/fbAQLP

exports[`<Header /> renders correctly 1`] = `
Object {
  "asFragment": [Function],
  "baseElement": <body>
    <div>
      <div
        class="body-header row row-cols-md-2 row-cols-1"
      >
        <div
          class="col"
        >
           
          <h2
            class="header-text"
          >
            Missing translationId: header.title for language: \${ languageCode }
          </h2>
        </div>
        <div
          class="justify-content-end col"
        >
          <div
            class="header-input row"
          >
            <div
              class="col-sm-2"
            >
              <img
                alt="search"
                class="search-icon"
                src="search.png"
              />
            </div>
            <div
              class="col-sm-6"
            >
              <div
                class="input-group"
              >
                <input
                  class=" mr-sm-2 form-control"
                  placeholder="Sort by:"
                  type="text"
                />
                <div
                  class="input-group-prepend"
                >
                  <span
                    class="input-group-text"
                  >
                    <img
                      alt="dropdown"
                      src="dropdown.png"
                    />
                  </span>
                </div>
              </div>
            </div>
            <div
              class="col"
            >
              <img
                alt="filter"
                class="filter-icon"
                src="funnel.png"
              />
            </div>
          </div>
        </div>
      </div>
    </div>
  </body>,
  "container": <div>
    <div
      class="body-header row row-cols-md-2 row-cols-1"
    >
      <div
        class="col"
      >
         
        <h2
          class="header-text"
        >
          Missing translationId: header.title for language: \${ languageCode }
        </h2>
      </div>
      <div
        class="justify-content-end col"
      >
        <div
          class="header-input row"
        >
          <div
            class="col-sm-2"
          >
            <img
              alt="search"
              class="search-icon"
              src="search.png"
            />
          </div>
          <div
            class="col-sm-6"
          >
            <div
              class="input-group"
            >
              <input
                class=" mr-sm-2 form-control"
                placeholder="Sort by:"
                type="text"
              />
              <div
                class="input-group-prepend"
              >
                <span
                  class="input-group-text"
                >
                  <img
                    alt="dropdown"
                    src="dropdown.png"
                  />
                </span>
              </div>
            </div>
          </div>
          <div
            class="col"
          >
            <img
              alt="filter"
              class="filter-icon"
              src="funnel.png"
            />
          </div>
        </div>
      </div>
    </div>
  </div>,
  "debug": [Function],
  "findAllByAltText": [Function],
  "findAllByDisplayValue": [Function],
  "findAllByLabelText": [Function],
  "findAllByPlaceholderText": [Function],
  "findAllByRole": [Function],
  "findAllByTestId": [Function],
  "findAllByText": [Function],
  "findAllByTitle": [Function],
  "findByAltText": [Function],
  "findByDisplayValue": [Function],
  "findByLabelText": [Function],
  "findByPlaceholderText": [Function],
  "findByRole": [Function],
  "findByTestId": [Function],
  "findByText": [Function],
  "findByTitle": [Function],
  "getAllByAltText": [Function],
  "getAllByDisplayValue": [Function],
  "getAllByLabelText": [Function],
  "getAllByPlaceholderText": [Function],
  "getAllByRole": [Function],
  "getAllByTestId": [Function],
  "getAllByText": [Function],
  "getAllByTitle": [Function],
  "getByAltText": [Function],
  "getByDisplayValue": [Function],
  "getByLabelText": [Function],
  "getByPlaceholderText": [Function],
  "getByRole": [Function],
  "getByTestId": [Function],
  "getByText": [Function],
  "getByTitle": [Function],
  "queryAllByAltText": [Function],
  "queryAllByDisplayValue": [Function],
  "queryAllByLabelText": [Function],
  "queryAllByPlaceholderText": [Function],
  "queryAllByRole": [Function],
  "queryAllByTestId": [Function],
  "queryAllByText": [Function],
  "queryAllByTitle": [Function],
  "queryByAltText": [Function],
  "queryByDisplayValue": [Function],
  "queryByLabelText": [Function],
  "queryByPlaceholderText": [Function],
  "queryByRole": [Function],
  "queryByTestId": [Function],
  "queryByText": [Function],
  "queryByTitle": [Function],
  "rerender": [Function],
  "unmount": [Function],
}
`;
